INFO (2024-07-03 16:09:04,469): Тестируем файл на данные (Line: 26) [conftest.py]
INFO (2024-07-03 16:09:19,953): Тестируем файл на данные (Line: 26) [conftest.py]
INFO (2024-07-03 16:10:05,063): Тестируем файл на данные (Line: 26) [conftest.py]
INFO (2024-07-03 16:10:29,744): Тестируем файл на данные (Line: 26) [conftest.py]
INFO (2024-07-03 16:12:31,623): Тестируем файл на данные (Line: 26) [conftest.py]
INFO (2024-07-03 16:21:54,346): Тестируем файл на данные (Line: 26) [conftest.py]
INFO (2024-07-03 16:39:51,284): Тестируем файл на данные (Line: 26) [conftest.py]
INFO (2024-07-03 16:52:23,391): Тестируем файл на данные (Line: 26) [conftest.py]
INFO (2024-07-04 12:41:49,991): Тестируем файл на данные (Line: 19) [conftest.py]
INFO (2024-07-04 12:46:30,199): Тестируем файл на данные (Line: 19) [conftest.py]
